[preview.colorlib.com/theme/medical/index.html]
[preview.colorlib.com/theme/medical/img/fav.png]
[backblue.gif]
[fade.gif]
[index.html]
[preview.colorlib.com/theme/medical/css/linearicons.css]
[preview.colorlib.com/theme/medical/css/font-awesome.min.css]
[preview.colorlib.com/theme/medical/css/bootstrap.css]
[preview.colorlib.com/theme/medical/css/magnific-popup.css]
[preview.colorlib.com/theme/medical/css/jquery-ui.css]
[preview.colorlib.com/theme/medical/css/nice-select.css]
[preview.colorlib.com/theme/medical/css/animate.min.css]
[preview.colorlib.com/theme/medical/css/owl.carousel.css]
[preview.colorlib.com/theme/medical/css/main.css]
[preview.colorlib.com/theme/medical/index-2.html]
[preview.colorlib.com/theme/medical/img/logo.png]
[preview.colorlib.com/theme/medical/about.html]
[preview.colorlib.com/theme/medical/features.html]
[preview.colorlib.com/theme/medical/doctors.html]
[preview.colorlib.com/theme/medical/departments.html]
[preview.colorlib.com/theme/medical/blog-home.html]
[preview.colorlib.com/theme/medical/blog-single.html]
[preview.colorlib.com/theme/medical/elements.html]
[preview.colorlib.com/theme/medical/contact.html]
[preview.colorlib.com/theme/medical/img/s1.jpg]
[preview.colorlib.com/theme/medical/img/s2.jpg]
[preview.colorlib.com/theme/medical/img/t1.jpg]
[preview.colorlib.com/theme/medical/img/t2.jpg]
[preview.colorlib.com/theme/medical/img/t3.jpg]
[preview.colorlib.com/theme/medical/img/t4.jpg]
[preview.colorlib.com/theme/medical/img/play-btn.png]
[preview.colorlib.com/theme/medical/img/r1.png]
[preview.colorlib.com/theme/medical/img/l1.png]
[preview.colorlib.com/theme/medical/img/l2.png]
[preview.colorlib.com/theme/medical/img/l3.png]
[preview.colorlib.com/theme/medical/img/l4.png]
[preview.colorlib.com/theme/medical/img/l5.png]
[preview.colorlib.com/theme/medical/img/b1.jpg]
[preview.colorlib.com/theme/medical/img/user.png]
[preview.colorlib.com/theme/medical/img/b2.jpg]
[preview.colorlib.com/theme/medical/img/b3.jpg]
[preview.colorlib.com/cdn-cgi/scripts/5c5dd728/cloudflare-static/email-decode.min.js]
[preview.colorlib.com/theme/medical/js/vendor/jquery-2.2.4.min.js]
[preview.colorlib.com/theme/medical/js/popper.min.js]
[preview.colorlib.com/theme/medical/js/vendor/bootstrap.min.js]
[preview.colorlib.com/theme/medical/js/jquery-ui.js]
[preview.colorlib.com/theme/medical/js/easing.min.js]
[preview.colorlib.com/theme/medical/js/hoverIntent.js]
[preview.colorlib.com/theme/medical/js/superfish.min.js]
[preview.colorlib.com/theme/medical/js/jquery.ajaxchimp.min.js]
[preview.colorlib.com/theme/medical/js/jquery.magnific-popup.min.js]
[preview.colorlib.com/theme/medical/js/jquery.tabs.min.js]
[preview.colorlib.com/theme/medical/js/jquery.nice-select.min.js]
[preview.colorlib.com/theme/medical/js/owl.carousel.min.js]
[preview.colorlib.com/theme/medical/js/mail-script.js]
[preview.colorlib.com/theme/medical/js/main.js]
[preview.colorlib.com/theme/medical/index.html]
[preview.colorlib.com/theme/medical/img/fav.html]
[preview.colorlib.com/theme/medical/fonts/Linearicons-Free54e9.eot]
[preview.colorlib.com/theme/medical/fonts/Linearicons-Freed41d.eot]
[preview.colorlib.com/theme/medical/fonts/Linearicons-Free54e9.woff2]
[preview.colorlib.com/theme/medical/fonts/Linearicons-Free54e9.woff]
[preview.colorlib.com/theme/medical/fonts/Linearicons-Free54e9.ttf]
[preview.colorlib.com/theme/medical/css/linearicons.css]
[preview.colorlib.com/theme/medical/fonts/Linearicons-Free54e9.svg]
[preview.colorlib.com/theme/medical/fonts/fontawesome-webfont3e6e.eot]
[preview.colorlib.com/theme/medical/fonts/fontawesome-webfontd41d.eot]
[preview.colorlib.com/theme/medical/fonts/fontawesome-webfont3e6e.woff2]
[preview.colorlib.com/theme/medical/fonts/fontawesome-webfont3e6e.woff]
[preview.colorlib.com/theme/medical/fonts/fontawesome-webfont3e6e.ttf]
[preview.colorlib.com/theme/medical/css/font-awesome.min.css]
[preview.colorlib.com/theme/medical/css/bootstrap.css]
[preview.colorlib.com/theme/medical/css/magnific-popup.css]
[preview.colorlib.com/theme/medical/fonts/fontawesome-webfont3e6e.svg]
[preview.colorlib.com/theme/medical/img/ui-icons_444444_256x240.png]
[preview.colorlib.com/theme/medical/img/ui-icons_555555_256x240.png]
[preview.colorlib.com/theme/medical/img/ui-icons_ffffff_256x240.png]
[preview.colorlib.com/theme/medical/img/ui-icons_777620_256x240.png]
[preview.colorlib.com/theme/medical/img/ui-icons_777777_256x240.png]
[preview.colorlib.com/theme/medical/css/jquery-ui.css]
[preview.colorlib.com/theme/medical/css/nice-select.css]
[preview.colorlib.com/theme/medical/css/animate.min.css]
[preview.colorlib.com/theme/medical/css/owl.video.play.png]
[preview.colorlib.com/theme/medical/css/owl.carousel.css]
[preview.colorlib.com/theme/medical/img/elements/primary-check.png]
[preview.colorlib.com/theme/medical/img/elements/success-check.png]
[preview.colorlib.com/theme/medical/img/elements/disabled-check.png]
[preview.colorlib.com/theme/medical/img/elements/primary-radio.png]
[preview.colorlib.com/theme/medical/img/elements/success-radio.png]
[preview.colorlib.com/theme/medical/img/elements/disabled-radio.png]
[preview.colorlib.com/theme/medical/img/hero-bg.jpg]
[preview.colorlib.com/theme/medical/img/s3.jpg]
[preview.colorlib.com/theme/medical/img/feedback-bg.jpg]
[preview.colorlib.com/theme/medical/img/video-bg.jpg]
[preview.colorlib.com/theme/medical/img/top-banner.jpg]
[preview.colorlib.com/theme/medical/img/about/video-bg.png]
[preview.colorlib.com/theme/medical/img/blog/blog-home-banner.jpg]
[preview.colorlib.com/theme/medical/css/main.css]
[preview.colorlib.com/cdn-cgi/zaraz/sd0d9.js]
[preview.colorlib.com/theme/medical/index-2.html]
[preview.colorlib.com/theme/medical/img/about/play.png]
[preview.colorlib.com/theme/medical/img/about/about-img.jpg]
[preview.colorlib.com/theme/medical/img/r2.png]
[preview.colorlib.com/theme/medical/about.html]
[preview.colorlib.com/theme/medical/features.html]
[preview.colorlib.com/theme/medical/doctors.html]
[preview.colorlib.com/theme/medical/img/department/a1.jpg]
[preview.colorlib.com/theme/medical/departments.html]
[preview.colorlib.com/theme/medical/img/blog/cat-widget1.jpg]
[preview.colorlib.com/theme/medical/img/blog/cat-widget2.jpg]
[preview.colorlib.com/theme/medical/img/blog/cat-widget3.jpg]
[preview.colorlib.com/theme/medical/img/blog/feature-img1.jpg]
[preview.colorlib.com/theme/medical/img/blog/feature-img2.jpg]
[preview.colorlib.com/theme/medical/img/blog/feature-img3.jpg]
[preview.colorlib.com/theme/medical/img/blog/feature-img4.jpg]
[preview.colorlib.com/theme/medical/img/blog/feature-img5.jpg]
[preview.colorlib.com/theme/medical/img/blog/user-info.png]
[preview.colorlib.com/theme/medical/img/blog/pp1.jpg]
[preview.colorlib.com/theme/medical/img/blog/pp2.jpg]
[preview.colorlib.com/theme/medical/img/blog/pp3.jpg]
[preview.colorlib.com/theme/medical/img/blog/pp4.jpg]
[preview.colorlib.com/theme/medical/img/blog/ads-banner.jpg]
[preview.colorlib.com/theme/medical/blog-home.html]
[preview.colorlib.com/theme/medical/img/blog/post-img1.jpg]
[preview.colorlib.com/theme/medical/img/blog/post-img2.jpg]
[preview.colorlib.com/theme/medical/img/blog/prev.jpg]
[preview.colorlib.com/theme/medical/img/blog/next.jpg]
[preview.colorlib.com/theme/medical/img/blog/c1.jpg]
[preview.colorlib.com/theme/medical/img/blog/c2.jpg]
[preview.colorlib.com/theme/medical/img/blog/c3.jpg]
[preview.colorlib.com/theme/medical/img/blog/c4.jpg]
[preview.colorlib.com/theme/medical/img/blog/c5.jpg]
[preview.colorlib.com/theme/medical/blog-single.html]
[preview.colorlib.com/theme/medical/img/elements/d.jpg]
[preview.colorlib.com/theme/medical/img/elements/f1.jpg]
[preview.colorlib.com/theme/medical/img/elements/f2.jpg]
[preview.colorlib.com/theme/medical/img/elements/f3.jpg]
[preview.colorlib.com/theme/medical/img/elements/f4.jpg]
[preview.colorlib.com/theme/medical/img/elements/f5.jpg]
[preview.colorlib.com/theme/medical/img/elements/f6.jpg]
[preview.colorlib.com/theme/medical/img/elements/f7.jpg]
[preview.colorlib.com/theme/medical/img/elements/f8.jpg]
[preview.colorlib.com/theme/medical/img/elements/g1.jpg]
[preview.colorlib.com/theme/medical/img/elements/g2.jpg]
[preview.colorlib.com/theme/medical/img/elements/g3.jpg]
[preview.colorlib.com/theme/medical/img/elements/g4.jpg]
[preview.colorlib.com/theme/medical/img/elements/g5.jpg]
[preview.colorlib.com/theme/medical/img/elements/g6.jpg]
[preview.colorlib.com/theme/medical/img/elements/g7.jpg]
[preview.colorlib.com/theme/medical/img/elements/g8.jpg]
[preview.colorlib.com/theme/medical/elements.html]
[preview.colorlib.com/theme/medical/contact.html]
[preview.colorlib.com/theme/medical/fonts/Linearicons-Free54e9.svg]
[preview.colorlib.com/theme/medical/fonts/fontawesome-webfont3e6e.svg]
[preview.colorlib.com/theme/medical/img/ui-icons_444444_256x240.html]
[preview.colorlib.com/theme/medical/img/ui-icons_555555_256x240.html]
[preview.colorlib.com/theme/medical/img/ui-icons_ffffff_256x240.html]
[preview.colorlib.com/theme/medical/img/ui-icons_777620_256x240.html]
[preview.colorlib.com/theme/medical/img/ui-icons_777777_256x240.html]
[preview.colorlib.com/theme/medical/css/owl.video.play.html]
